Area core 6.395,3.325,6.555,3.505
  ✗ core buildings tile 22/36 attempt 1 (maps.mail.ru): HTTP 504: <?xml version="1.0" encoding="UTF-8"?>
<!DOCTYPE html PUBLIC "-//W3C//DTD XHTML 1.0 Strict//EN"
    "http://www.w3.org/TR/xhtml1/DTD/xhtml1-strict.dtd">
<html xmlns="http://www.w3.org/1999/x
  ✗ core buildings tile 22/36 attempt 2 (overpass.private.coffee): HTTP 500: <!DOCTYPE HTML PUBLIC "-//W3C//DTD HTML 4.01//EN" "http://www.w3.org/TR/html4/strict.dtd">
<html><head>
<title>500 Internal Server Error</title>
</head><body>
<h1>Internal Server Error</h1>

  ✗ core buildings tile 22/36 attempt 3 (maps.mail.ru): HTTP 504: <html>
<head><title>504 Gateway Time-out</title></head>
<body>
<center><h1>504 Gateway Time-out</h1></center>
<hr><center>nginx</center>
</body>
</html>

  ✓ core buildings tile 22/36 via overpass.private.coffee: 0 elements, 0.0 MB, 1s
  ✗ core buildings tile 23/36 attempt 1 (maps.mail.ru): HTTP 504: <?xml version="1.0" encoding="UTF-8"?>
<!DOCTYPE html PUBLIC "-//W3C//DTD XHTML 1.0 Strict//EN"
    "http://www.w3.org/TR/xhtml1/DTD/xhtml1-strict.dtd">
<html xmlns="http://www.w3.org/1999/x
  ✗ core buildings tile 23/36 attempt 2 (overpass.private.coffee): HTTP 500: <!DOCTYPE HTML PUBLIC "-//W3C//DTD HTML 4.01//EN" "http://www.w3.org/TR/html4/strict.dtd">
<html><head>
<title>500 Internal Server Error</title>
</head><body>
<h1>Internal Server Error</h1>

  ✗ core buildings tile 23/36 attempt 3 (maps.mail.ru): HTTP 504: <html>
<head><title>504 Gateway Time-out</title></head>
<body>
<center><h1>504 Gateway Time-out</h1></center>
<hr><center>nginx</center>
</body>
</html>

  ✗ core buildings tile 23/36 attempt 4 (overpass.private.coffee): HTTP 500: <!DOCTYPE HTML PUBLIC "-//W3C//DTD HTML 4.01//EN" "http://www.w3.org/TR/html4/strict.dtd">
<html><head>
<title>500 Internal Server Error</title>
</head><body>
<h1>Internal Server Error</h1>

  ✗ core buildings tile 23/36 attempt 5 (maps.mail.ru): HTTP 504: <html>
<head><title>504 Gateway Time-out</title></head>
<body>
<center><h1>504 Gateway Time-out</h1></center>
<hr><center>nginx</center>
</body>
</html>

  ✗ core buildings tile 23/36 attempt 6 (overpass.private.coffee): HTTP 500: <!DOCTYPE HTML PUBLIC "-//W3C//DTD HTML 4.01//EN" "http://www.w3.org/TR/html4/strict.dtd">
<html><head>
<title>500 Internal Server Error</title>
</head><body>
<h1>Internal Server Error</h1>

  ✓ core buildings tile 23/36 via maps.mail.ru: 0 elements, 0.0 MB, 21s
  ✓ core buildings tile 24/36 via maps.mail.ru: 0 elements, 0.0 MB, 11s
::notice::OSM export complete — core_buildings_t21:0 core_buildings_t22:0 core_buildings_t23:0
